timestamp=2026-04-11T06:28:13Z
source=cloudKit
kind=progress
operation=sync.pass.started reason=foregroundRepairWindow triggerSource=foregroundRepair
sync.pass.started reason=foregroundRepairWindow triggerSource=foregroundRepair

---

timestamp=2026-04-11T06:28:13Z
source=cloudKit
kind=progress
operation=sync.engine.context reason=foregroundRepairWindow databaseScope=nil notificationType=3
sync.engine.context reason=foregroundRepairWindow databaseScope=nil notificationType=3

---

timestamp=2026-04-11T06:28:13Z
source=cloudKit
kind=progress
operation=ownerQuery.targetZone.started recordType=ShoppingBundle zone=HouseholdZone-DD0F55A1-B479-4782-92B3-337CA06799A0|__defaultOwner__
ownerQuery.targetZone.started recordType=ShoppingBundle zone=HouseholdZone-DD0F55A1-B479-4782-92B3-337CA06799A0|__defaultOwner__

---

timestamp=2026-04-11T06:28:14Z
source=cloudKit
kind=progress
operation=ownerQuery.targetZone.completed recordType=ShoppingBundle count=0
ownerQuery.targetZone.completed recordType=ShoppingBundle count=0

---

timestamp=2026-04-11T06:28:15Z
source=cloudKit
kind=progress
operation=ownerQuery.targetZone.started recordType=Member zone=HouseholdZone-DD0F55A1-B479-4782-92B3-337CA06799A0|__defaultOwner__
ownerQuery.targetZone.started recordType=Member zone=HouseholdZone-DD0F55A1-B479-4782-92B3-337CA06799A0|__defaultOwner__

---

timestamp=2026-04-11T06:28:16Z
source=cloudKit
kind=progress
operation=ownerQuery.targetZone.completed recordType=Member count=2
ownerQuery.targetZone.completed recordType=Member count=2

---

timestamp=2026-04-11T06:28:16Z
source=cloudKit
kind=progress
operation=ownerQuery.targetZone.started recordType=Member zone=HouseholdZone-DD0F55A1-B479-4782-92B3-337CA06799A0|__defaultOwner__
ownerQuery.targetZone.started recordType=Member zone=HouseholdZone-DD0F55A1-B479-4782-92B3-337CA06799A0|__defaultOwner__

---

timestamp=2026-04-11T06:28:16Z
source=cloudKit
kind=progress
operation=ownerQuery.targetZone.completed recordType=Member count=2
ownerQuery.targetZone.completed recordType=Member count=2

---

timestamp=2026-04-11T06:28:16Z
source=cloudKit
kind=progress
operation=ownerQuery.targetZone.started recordType=Member zone=HouseholdZone-DD0F55A1-B479-4782-92B3-337CA06799A0|__defaultOwner__
ownerQuery.targetZone.started recordType=Member zone=HouseholdZone-DD0F55A1-B479-4782-92B3-337CA06799A0|__defaultOwner__

---

timestamp=2026-04-11T06:28:17Z
source=cloudKit
kind=progress
operation=ownerQuery.targetZone.completed recordType=Member count=2
ownerQuery.targetZone.completed recordType=Member count=2

---

timestamp=2026-04-11T06:28:17Z
source=cloudKit
kind=progress
operation=delta.zone.started scope=ownerPrivate zone=HouseholdZone-DD0F55A1-B479-4782-92B3-337CA06799A0|__defaultOwner__
delta.zone.started scope=ownerPrivate zone=HouseholdZone-DD0F55A1-B479-4782-92B3-337CA06799A0|__defaultOwner__

---

timestamp=2026-04-11T06:28:17Z
source=cloudKit
kind=progress
operation=sync.scheduler.fired kind=foregroundRepair mode=burst remainingBurstPasses=2 remainingSteadyPasses=20
sync.scheduler.fired kind=foregroundRepair mode=burst remainingBurstPasses=2 remainingSteadyPasses=20

---

timestamp=2026-04-11T06:28:17Z
source=cloudKit
kind=progress
operation=sync.pass.enqueued requestedReason=foregroundRepairWindow effectivePendingReason=foregroundRepairWindow activeTask=true
sync.pass.enqueued requestedReason=foregroundRepairWindow effectivePendingReason=foregroundRepairWindow activeTask=true

---

timestamp=2026-04-11T06:28:17Z
source=cloudKit
kind=progress
operation=delta.token.updated scope=ownerPrivate zone=HouseholdZone-DD0F55A1-B479-4782-92B3-337CA06799A0|__defaultOwner__
delta.token.updated scope=ownerPrivate zone=HouseholdZone-DD0F55A1-B479-4782-92B3-337CA06799A0|__defaultOwner__

---

timestamp=2026-04-11T06:28:17Z
source=cloudKit
kind=progress
operation=delta.recordTypes scope=ownerPrivate zone=HouseholdZone-DD0F55A1-B479-4782-92B3-337CA06799A0|__defaultOwner__ observed=ShoppingItem ignored= unknown=
delta.recordTypes scope=ownerPrivate zone=HouseholdZone-DD0F55A1-B479-4782-92B3-337CA06799A0|__defaultOwner__ observed=ShoppingItem ignored= unknown=

---

timestamp=2026-04-11T06:28:17Z
source=cloudKit
kind=progress
operation=delta.zone.completed scope=ownerPrivate zone=HouseholdZone-DD0F55A1-B479-4782-92B3-337CA06799A0|__defaultOwner__ changedRecords=2 deletedRecords=0
delta.zone.completed scope=ownerPrivate zone=HouseholdZone-DD0F55A1-B479-4782-92B3-337CA06799A0|__defaultOwner__ changedRecords=2 deletedRecords=0

---

timestamp=2026-04-11T06:28:17Z
source=cloudKit
kind=progress
operation=delta.impact scope=ownerPrivate householdId=DD0F55A1-B479-4782-92B3-337CA06799A0 domains=shoppingItems ignoredRecordTypes= unknownRecordTypes= fallbackRequired=false
delta.impact scope=ownerPrivate householdId=DD0F55A1-B479-4782-92B3-337CA06799A0 domains=shoppingItems ignoredRecordTypes= unknownRecordTypes= fallbackRequired=false

---

timestamp=2026-04-11T06:28:17Z
source=cloudKit
kind=progress
operation=ownerQuery.targetZone.started recordType=ShoppingItem zone=HouseholdZone-DD0F55A1-B479-4782-92B3-337CA06799A0|__defaultOwner__
ownerQuery.targetZone.started recordType=ShoppingItem zone=HouseholdZone-DD0F55A1-B479-4782-92B3-337CA06799A0|__defaultOwner__

---

timestamp=2026-04-11T06:28:18Z
source=cloudKit
kind=progress
operation=ownerQuery.targetZone.completed recordType=ShoppingItem count=14
ownerQuery.targetZone.completed recordType=ShoppingItem count=14

---

timestamp=2026-04-11T06:28:18Z
source=cloudKit
kind=progress
operation=delta.cacheApplied scope=ownerPrivate householdId=DD0F55A1-B479-4782-92B3-337CA06799A0 domains=shoppingItems shopping=14 bundles=0 workItems=0 categories=0
delta.cacheApplied scope=ownerPrivate householdId=DD0F55A1-B479-4782-92B3-337CA06799A0 domains=shoppingItems shopping=14 bundles=0 workItems=0 categories=0

---

timestamp=2026-04-11T06:28:18Z
source=cloudKit
kind=progress
operation=remoteSync stage=followUpPlan householdId=DD0F55A1-B479-4782-92B3-337CA06799A0 userId=_9f7a5eefe971a61cf175e9acbd0f6fe5 notificationType=read declaredScope=nil effectiveScope=nil direction=unknown retryDelays= followUpPassIndex=nil didCaptureAdditionalChanges=nil note=nil
remoteSync stage=followUpPlan householdId=DD0F55A1-B479-4782-92B3-337CA06799A0 userId=_9f7a5eefe971a61cf175e9acbd0f6fe5 notificationType=read declaredScope=nil effectiveScope=nil direction=unknown retryDelays= followUpPassIndex=nil didCaptureAdditionalChanges=nil note=nil

---

timestamp=2026-04-11T06:28:18Z
source=cloudKit
kind=progress
operation=remoteSync stage=followUpSkipped householdId=DD0F55A1-B479-4782-92B3-337CA06799A0 userId=_9f7a5eefe971a61cf175e9acbd0f6fe5 notificationType=read declaredScope=nil effectiveScope=nil direction=unknown retryDelays= followUpPassIndex=nil didCaptureAdditionalChanges=nil note=emptyRetryDelaySet
remoteSync stage=followUpSkipped householdId=DD0F55A1-B479-4782-92B3-337CA06799A0 userId=_9f7a5eefe971a61cf175e9acbd0f6fe5 notificationType=read declaredScope=nil effectiveScope=nil direction=unknown retryDelays= followUpPassIndex=nil didCaptureAdditionalChanges=nil note=emptyRetryDelaySet

---

timestamp=2026-04-11T06:28:18Z
source=cloudKit
kind=progress
operation=sync.batch.published reason=foregroundRepairWindow triggerSource=foregroundRepair direction=unknown changedDomains=shopping eventCount=2
sync.batch.published reason=foregroundRepairWindow triggerSource=foregroundRepair direction=unknown changedDomains=shopping eventCount=2

---

timestamp=2026-04-11T06:28:18Z
source=cloudKit
kind=progress
operation=notification.sharedActivity.batchSkipped classification=steadyStateLifecycle eventCount=2 reason=nonRemoteBatch
notification.sharedActivity.batchSkipped classification=steadyStateLifecycle eventCount=2 reason=nonRemoteBatch

---

timestamp=2026-04-11T06:28:18Z
source=cloudKit
kind=progress
operation=sync.scheduler.ownerFallbackDecision eligible=true role=owner scope=ownerPrivate direction=unknown reason=foregroundRepairWindow activeMembers=2 appState=active
sync.scheduler.ownerFallbackDecision eligible=true role=owner scope=ownerPrivate direction=unknown reason=foregroundRepairWindow activeMembers=2 appState=active

---

timestamp=2026-04-11T06:28:18Z
source=cloudKit
kind=progress
operation=sync.scheduler.scheduled kind=ownerFallback intervalNs=15000000000 remainingPasses=33
sync.scheduler.scheduled kind=ownerFallback intervalNs=15000000000 remainingPasses=33

---

timestamp=2026-04-11T06:28:18Z
source=cloudKit
kind=progress
operation=sync.scheduler.scheduled kind=foregroundRepair mode=burst intervalNs=4000000000 remainingBurstPasses=1 remainingSteadyPasses=20
sync.scheduler.scheduled kind=foregroundRepair mode=burst intervalNs=4000000000 remainingBurstPasses=1 remainingSteadyPasses=20

---

timestamp=2026-04-11T06:28:18Z
source=cloudKit
kind=progress
operation=sync.pass.completed reason=foregroundRepairWindow triggerSource=foregroundRepair fetchResult=newData direction=unknown eventCount=2
sync.pass.completed reason=foregroundRepairWindow triggerSource=foregroundRepair fetchResult=newData direction=unknown eventCount=2

---

timestamp=2026-04-11T06:28:18Z
source=cloudKit
kind=progress
operation=sync.pass.started reason=foregroundRepairWindow triggerSource=foregroundRepair
sync.pass.started reason=foregroundRepairWindow triggerSource=foregroundRepair

---

timestamp=2026-04-11T06:28:18Z
source=cloudKit
kind=progress
operation=sync.engine.context reason=foregroundRepairWindow databaseScope=nil notificationType=3
sync.engine.context reason=foregroundRepairWindow databaseScope=nil notificationType=3

---

timestamp=2026-04-11T06:28:19Z
source=cloudKit
kind=progress
operation=ownerQuery.targetZone.started recordType=ShoppingBundle zone=HouseholdZone-DD0F55A1-B479-4782-92B3-337CA06799A0|__defaultOwner__
ownerQuery.targetZone.started recordType=ShoppingBundle zone=HouseholdZone-DD0F55A1-B479-4782-92B3-337CA06799A0|__defaultOwner__

---

timestamp=2026-04-11T06:28:19Z
source=cloudKit
kind=progress
operation=ownerQuery.targetZone.completed recordType=ShoppingBundle count=0
ownerQuery.targetZone.completed recordType=ShoppingBundle count=0

---

timestamp=2026-04-11T06:28:20Z
source=cloudKit
kind=progress
operation=ownerQuery.targetZone.started recordType=Member zone=HouseholdZone-DD0F55A1-B479-4782-92B3-337CA06799A0|__defaultOwner__
ownerQuery.targetZone.started recordType=Member zone=HouseholdZone-DD0F55A1-B479-4782-92B3-337CA06799A0|__defaultOwner__

---

timestamp=2026-04-11T06:28:21Z
source=cloudKit
kind=progress
operation=ownerQuery.targetZone.completed recordType=Member count=2
ownerQuery.targetZone.completed recordType=Member count=2

---

timestamp=2026-04-11T06:28:21Z
source=cloudKit
kind=progress
operation=ownerQuery.targetZone.started recordType=Member zone=HouseholdZone-DD0F55A1-B479-4782-92B3-337CA06799A0|__defaultOwner__
ownerQuery.targetZone.started recordType=Member zone=HouseholdZone-DD0F55A1-B479-4782-92B3-337CA06799A0|__defaultOwner__

---

timestamp=2026-04-11T06:28:22Z
source=cloudKit
kind=progress
operation=ownerQuery.targetZone.completed recordType=Member count=2
ownerQuery.targetZone.completed recordType=Member count=2

---

timestamp=2026-04-11T06:28:22Z
source=cloudKit
kind=progress
operation=ownerQuery.targetZone.started recordType=Member zone=HouseholdZone-DD0F55A1-B479-4782-92B3-337CA06799A0|__defaultOwner__
ownerQuery.targetZone.started recordType=Member zone=HouseholdZone-DD0F55A1-B479-4782-92B3-337CA06799A0|__defaultOwner__

---

timestamp=2026-04-11T06:28:22Z
source=cloudKit
kind=progress
operation=ownerQuery.targetZone.completed recordType=Member count=2
ownerQuery.targetZone.completed recordType=Member count=2

---

timestamp=2026-04-11T06:28:22Z
source=cloudKit
kind=progress
operation=delta.zone.started scope=ownerPrivate zone=HouseholdZone-DD0F55A1-B479-4782-92B3-337CA06799A0|__defaultOwner__
delta.zone.started scope=ownerPrivate zone=HouseholdZone-DD0F55A1-B479-4782-92B3-337CA06799A0|__defaultOwner__

---

timestamp=2026-04-11T06:28:23Z
source=cloudKit
kind=progress
operation=sync.scheduler.fired kind=foregroundRepair mode=burst remainingBurstPasses=1 remainingSteadyPasses=20
sync.scheduler.fired kind=foregroundRepair mode=burst remainingBurstPasses=1 remainingSteadyPasses=20

---

timestamp=2026-04-11T06:28:23Z
source=cloudKit
kind=progress
operation=sync.pass.enqueued requestedReason=foregroundRepairWindow effectivePendingReason=foregroundRepairWindow activeTask=true
sync.pass.enqueued requestedReason=foregroundRepairWindow effectivePendingReason=foregroundRepairWindow activeTask=true

---

timestamp=2026-04-11T06:28:23Z
source=cloudKit
kind=progress
operation=delta.token.updated scope=ownerPrivate zone=HouseholdZone-DD0F55A1-B479-4782-92B3-337CA06799A0|__defaultOwner__
delta.token.updated scope=ownerPrivate zone=HouseholdZone-DD0F55A1-B479-4782-92B3-337CA06799A0|__defaultOwner__

---

timestamp=2026-04-11T06:28:23Z
source=cloudKit
kind=progress
operation=delta.recordTypes scope=ownerPrivate zone=HouseholdZone-DD0F55A1-B479-4782-92B3-337CA06799A0|__defaultOwner__ observed= ignored= unknown=
delta.recordTypes scope=ownerPrivate zone=HouseholdZone-DD0F55A1-B479-4782-92B3-337CA06799A0|__defaultOwner__ observed= ignored= unknown=

---

timestamp=2026-04-11T06:28:23Z
source=cloudKit
kind=progress
operation=delta.zone.completed scope=ownerPrivate zone=HouseholdZone-DD0F55A1-B479-4782-92B3-337CA06799A0|__defaultOwner__ changedRecords=0 deletedRecords=0
delta.zone.completed scope=ownerPrivate zone=HouseholdZone-DD0F55A1-B479-4782-92B3-337CA06799A0|__defaultOwner__ changedRecords=0 deletedRecords=0

---

timestamp=2026-04-11T06:28:23Z
source=cloudKit
kind=progress
operation=delta.impact scope=ownerPrivate householdId=DD0F55A1-B479-4782-92B3-337CA06799A0 domains= ignoredRecordTypes= unknownRecordTypes= fallbackRequired=false
delta.impact scope=ownerPrivate householdId=DD0F55A1-B479-4782-92B3-337CA06799A0 domains= ignoredRecordTypes= unknownRecordTypes= fallbackRequired=false

---

timestamp=2026-04-11T06:28:23Z
source=cloudKit
kind=progress
operation=delta.cacheApplied scope=ownerPrivate householdId=DD0F55A1-B479-4782-92B3-337CA06799A0 domains= shopping=14 bundles=0 workItems=0 categories=0
delta.cacheApplied scope=ownerPrivate householdId=DD0F55A1-B479-4782-92B3-337CA06799A0 domains= shopping=14 bundles=0 workItems=0 categories=0

---

timestamp=2026-04-11T06:28:23Z
source=cloudKit
kind=progress
operation=remoteSync stage=followUpPlan householdId=DD0F55A1-B479-4782-92B3-337CA06799A0 userId=_9f7a5eefe971a61cf175e9acbd0f6fe5 notificationType=read declaredScope=nil effectiveScope=nil direction=unknown retryDelays= followUpPassIndex=nil didCaptureAdditionalChanges=nil note=nil
remoteSync stage=followUpPlan householdId=DD0F55A1-B479-4782-92B3-337CA06799A0 userId=_9f7a5eefe971a61cf175e9acbd0f6fe5 notificationType=read declaredScope=nil effectiveScope=nil direction=unknown retryDelays= followUpPassIndex=nil didCaptureAdditionalChanges=nil note=nil

---

timestamp=2026-04-11T06:28:23Z
source=cloudKit
kind=progress
operation=remoteSync stage=followUpSkipped householdId=DD0F55A1-B479-4782-92B3-337CA06799A0 userId=_9f7a5eefe971a61cf175e9acbd0f6fe5 notificationType=read declaredScope=nil effectiveScope=nil direction=unknown retryDelays= followUpPassIndex=nil didCaptureAdditionalChanges=nil note=emptyRetryDelaySet
remoteSync stage=followUpSkipped householdId=DD0F55A1-B479-4782-92B3-337CA06799A0 userId=_9f7a5eefe971a61cf175e9acbd0f6fe5 notificationType=read declaredScope=nil effectiveScope=nil direction=unknown retryDelays= followUpPassIndex=nil didCaptureAdditionalChanges=nil note=emptyRetryDelaySet

---

timestamp=2026-04-11T06:28:23Z
source=cloudKit
kind=progress
operation=sync.batch.published reason=foregroundRepairWindow triggerSource=foregroundRepair direction=unknown changedDomains= eventCount=0
sync.batch.published reason=foregroundRepairWindow triggerSource=foregroundRepair direction=unknown changedDomains= eventCount=0

---

timestamp=2026-04-11T06:28:23Z
source=cloudKit
kind=progress
operation=notification.sharedActivity.batchSkipped classification=steadyStateLifecycle eventCount=0 reason=nonRemoteBatch
notification.sharedActivity.batchSkipped classification=steadyStateLifecycle eventCount=0 reason=nonRemoteBatch

---

timestamp=2026-04-11T06:28:23Z
source=cloudKit
kind=progress
operation=sync.scheduler.ownerFallbackDecision eligible=true role=owner scope=ownerPrivate direction=unknown reason=foregroundRepairWindow activeMembers=2 appState=active
sync.scheduler.ownerFallbackDecision eligible=true role=owner scope=ownerPrivate direction=unknown reason=foregroundRepairWindow activeMembers=2 appState=active

---

timestamp=2026-04-11T06:28:23Z
source=cloudKit
kind=progress
operation=sync.scheduler.scheduled kind=ownerFallback intervalNs=15000000000 remainingPasses=32
sync.scheduler.scheduled kind=ownerFallback intervalNs=15000000000 remainingPasses=32

---

timestamp=2026-04-11T06:28:23Z
source=cloudKit
kind=progress
operation=sync.scheduler.scheduled kind=foregroundRepair mode=steady intervalNs=30000000000 remainingBurstPasses=0 remainingSteadyPasses=20
sync.scheduler.scheduled kind=foregroundRepair mode=steady intervalNs=30000000000 remainingBurstPasses=0 remainingSteadyPasses=20

---

timestamp=2026-04-11T06:28:23Z
source=cloudKit
kind=progress
operation=sync.pass.completed reason=foregroundRepairWindow triggerSource=foregroundRepair fetchResult=noData direction=unknown eventCount=0
sync.pass.completed reason=foregroundRepairWindow triggerSource=foregroundRepair fetchResult=noData direction=unknown eventCount=0

---

timestamp=2026-04-11T06:28:23Z
source=cloudKit
kind=progress
operation=sync.pass.started reason=foregroundRepairWindow triggerSource=foregroundRepair
sync.pass.started reason=foregroundRepairWindow triggerSource=foregroundRepair

---

timestamp=2026-04-11T06:28:23Z
source=cloudKit
kind=progress
operation=sync.engine.context reason=foregroundRepairWindow databaseScope=nil notificationType=3
sync.engine.context reason=foregroundRepairWindow databaseScope=nil notificationType=3

---

timestamp=2026-04-11T06:28:25Z
source=cloudKit
kind=progress
operation=ownerQuery.targetZone.started recordType=Member zone=HouseholdZone-DD0F55A1-B479-4782-92B3-337CA06799A0|__defaultOwner__
ownerQuery.targetZone.started recordType=Member zone=HouseholdZone-DD0F55A1-B479-4782-92B3-337CA06799A0|__defaultOwner__

---

timestamp=2026-04-11T06:28:25Z
source=cloudKit
kind=progress
operation=ownerQuery.targetZone.completed recordType=Member count=2
ownerQuery.targetZone.completed recordType=Member count=2

---

timestamp=2026-04-11T06:28:25Z
source=cloudKit
kind=progress
operation=ownerQuery.targetZone.started recordType=Member zone=HouseholdZone-DD0F55A1-B479-4782-92B3-337CA06799A0|__defaultOwner__
ownerQuery.targetZone.started recordType=Member zone=HouseholdZone-DD0F55A1-B479-4782-92B3-337CA06799A0|__defaultOwner__

---

timestamp=2026-04-11T06:28:26Z
source=cloudKit
kind=progress
operation=ownerQuery.targetZone.completed recordType=Member count=2
ownerQuery.targetZone.completed recordType=Member count=2

---

timestamp=2026-04-11T06:28:26Z
source=cloudKit
kind=progress
operation=ownerQuery.targetZone.started recordType=Member zone=HouseholdZone-DD0F55A1-B479-4782-92B3-337CA06799A0|__defaultOwner__
ownerQuery.targetZone.started recordType=Member zone=HouseholdZone-DD0F55A1-B479-4782-92B3-337CA06799A0|__defaultOwner__

---

timestamp=2026-04-11T06:28:27Z
source=cloudKit
kind=progress
operation=ownerQuery.targetZone.completed recordType=Member count=2
ownerQuery.targetZone.completed recordType=Member count=2

---

timestamp=2026-04-11T06:28:27Z
source=cloudKit
kind=progress
operation=delta.zone.started scope=ownerPrivate zone=HouseholdZone-DD0F55A1-B479-4782-92B3-337CA06799A0|__defaultOwner__
delta.zone.started scope=ownerPrivate zone=HouseholdZone-DD0F55A1-B479-4782-92B3-337CA06799A0|__defaultOwner__

---

timestamp=2026-04-11T06:28:27Z
source=cloudKit
kind=progress
operation=delta.token.updated scope=ownerPrivate zone=HouseholdZone-DD0F55A1-B479-4782-92B3-337CA06799A0|__defaultOwner__
delta.token.updated scope=ownerPrivate zone=HouseholdZone-DD0F55A1-B479-4782-92B3-337CA06799A0|__defaultOwner__

---

timestamp=2026-04-11T06:28:27Z
source=cloudKit
kind=progress
operation=delta.recordTypes scope=ownerPrivate zone=HouseholdZone-DD0F55A1-B479-4782-92B3-337CA06799A0|__defaultOwner__ observed= ignored= unknown=
delta.recordTypes scope=ownerPrivate zone=HouseholdZone-DD0F55A1-B479-4782-92B3-337CA06799A0|__defaultOwner__ observed= ignored= unknown=

---

timestamp=2026-04-11T06:28:27Z
source=cloudKit
kind=progress
operation=delta.zone.completed scope=ownerPrivate zone=HouseholdZone-DD0F55A1-B479-4782-92B3-337CA06799A0|__defaultOwner__ changedRecords=0 deletedRecords=0
delta.zone.completed scope=ownerPrivate zone=HouseholdZone-DD0F55A1-B479-4782-92B3-337CA06799A0|__defaultOwner__ changedRecords=0 deletedRecords=0

---

timestamp=2026-04-11T06:28:27Z
source=cloudKit
kind=progress
operation=delta.impact scope=ownerPrivate householdId=DD0F55A1-B479-4782-92B3-337CA06799A0 domains= ignoredRecordTypes= unknownRecordTypes= fallbackRequired=false
delta.impact scope=ownerPrivate householdId=DD0F55A1-B479-4782-92B3-337CA06799A0 domains= ignoredRecordTypes= unknownRecordTypes= fallbackRequired=false

---

timestamp=2026-04-11T06:28:27Z
source=cloudKit
kind=progress
operation=delta.cacheApplied scope=ownerPrivate householdId=DD0F55A1-B479-4782-92B3-337CA06799A0 domains= shopping=14 bundles=0 workItems=0 categories=0
delta.cacheApplied scope=ownerPrivate householdId=DD0F55A1-B479-4782-92B3-337CA06799A0 domains= shopping=14 bundles=0 workItems=0 categories=0

---

timestamp=2026-04-11T06:28:27Z
source=cloudKit
kind=progress
operation=remoteSync stage=followUpPlan householdId=DD0F55A1-B479-4782-92B3-337CA06799A0 userId=_9f7a5eefe971a61cf175e9acbd0f6fe5 notificationType=read declaredScope=nil effectiveScope=nil direction=unknown retryDelays= followUpPassIndex=nil didCaptureAdditionalChanges=nil note=nil
remoteSync stage=followUpPlan householdId=DD0F55A1-B479-4782-92B3-337CA06799A0 userId=_9f7a5eefe971a61cf175e9acbd0f6fe5 notificationType=read declaredScope=nil effectiveScope=nil direction=unknown retryDelays= followUpPassIndex=nil didCaptureAdditionalChanges=nil note=nil

---

timestamp=2026-04-11T06:28:27Z
source=cloudKit
kind=progress
operation=remoteSync stage=followUpSkipped householdId=DD0F55A1-B479-4782-92B3-337CA06799A0 userId=_9f7a5eefe971a61cf175e9acbd0f6fe5 notificationType=read declaredScope=nil effectiveScope=nil direction=unknown retryDelays= followUpPassIndex=nil didCaptureAdditionalChanges=nil note=emptyRetryDelaySet
remoteSync stage=followUpSkipped householdId=DD0F55A1-B479-4782-92B3-337CA06799A0 userId=_9f7a5eefe971a61cf175e9acbd0f6fe5 notificationType=read declaredScope=nil effectiveScope=nil direction=unknown retryDelays= followUpPassIndex=nil didCaptureAdditionalChanges=nil note=emptyRetryDelaySet

---

timestamp=2026-04-11T06:28:27Z
source=cloudKit
kind=progress
operation=sync.batch.published reason=foregroundRepairWindow triggerSource=foregroundRepair direction=unknown changedDomains= eventCount=0
sync.batch.published reason=foregroundRepairWindow triggerSource=foregroundRepair direction=unknown changedDomains= eventCount=0

---

timestamp=2026-04-11T06:28:27Z
source=cloudKit
kind=progress
operation=notification.sharedActivity.batchSkipped classification=steadyStateLifecycle eventCount=0 reason=nonRemoteBatch
notification.sharedActivity.batchSkipped classification=steadyStateLifecycle eventCount=0 reason=nonRemoteBatch

---

timestamp=2026-04-11T06:28:27Z
source=cloudKit
kind=progress
operation=sync.scheduler.ownerFallbackDecision eligible=true role=owner scope=ownerPrivate direction=unknown reason=foregroundRepairWindow activeMembers=2 appState=active
sync.scheduler.ownerFallbackDecision eligible=true role=owner scope=ownerPrivate direction=unknown reason=foregroundRepairWindow activeMembers=2 appState=active

---

timestamp=2026-04-11T06:28:27Z
source=cloudKit
kind=progress
operation=sync.scheduler.scheduled kind=ownerFallback intervalNs=15000000000 remainingPasses=31
sync.scheduler.scheduled kind=ownerFallback intervalNs=15000000000 remainingPasses=31

---

timestamp=2026-04-11T06:28:27Z
source=cloudKit
kind=progress
operation=sync.scheduler.scheduled kind=foregroundRepair mode=steady intervalNs=30000000000 remainingBurstPasses=0 remainingSteadyPasses=19
sync.scheduler.scheduled kind=foregroundRepair mode=steady intervalNs=30000000000 remainingBurstPasses=0 remainingSteadyPasses=19

---

timestamp=2026-04-11T06:28:27Z
source=cloudKit
kind=progress
operation=sync.pass.completed reason=foregroundRepairWindow triggerSource=foregroundRepair fetchResult=noData direction=unknown eventCount=0
sync.pass.completed reason=foregroundRepairWindow triggerSource=foregroundRepair fetchResult=noData direction=unknown eventCount=0

---

timestamp=2026-04-11T07:37:45Z
source=cloudKit
kind=progress
operation=sync.scheduler.fired kind=ownerFallback remainingPasses=31
sync.scheduler.fired kind=ownerFallback remainingPasses=31

---

timestamp=2026-04-11T07:37:45Z
source=cloudKit
kind=progress
operation=sync.pass.enqueued requestedReason=foregroundRepairWindow effectivePendingReason=foregroundRepairWindow activeTask=false
sync.pass.enqueued requestedReason=foregroundRepairWindow effectivePendingReason=foregroundRepairWindow activeTask=false

---

timestamp=2026-04-11T07:37:45Z
source=cloudKit
kind=progress
operation=sync.scheduler.fired kind=foregroundRepair mode=steady remainingBurstPasses=0 remainingSteadyPasses=19
sync.scheduler.fired kind=foregroundRepair mode=steady remainingBurstPasses=0 remainingSteadyPasses=19

---

timestamp=2026-04-11T07:37:45Z
source=cloudKit
kind=progress
operation=sync.pass.enqueued requestedReason=foregroundRepairWindow effectivePendingReason=foregroundRepairWindow activeTask=true
sync.pass.enqueued requestedReason=foregroundRepairWindow effectivePendingReason=foregroundRepairWindow activeTask=true

---

timestamp=2026-04-11T07:37:45Z
source=cloudKit
kind=progress
operation=sync.pass.started reason=foregroundRepairWindow triggerSource=foregroundRepair
sync.pass.started reason=foregroundRepairWindow triggerSource=foregroundRepair

---

timestamp=2026-04-11T07:37:45Z
source=cloudKit
kind=progress
operation=sync.engine.context reason=foregroundRepairWindow databaseScope=nil notificationType=3
sync.engine.context reason=foregroundRepairWindow databaseScope=nil notificationType=3

---

timestamp=2026-04-11T07:37:45Z
source=cloudKit
kind=progress
operation=sync.pass.enqueued requestedReason=appBecameActive effectivePendingReason=appBecameActive activeTask=true
sync.pass.enqueued requestedReason=appBecameActive effectivePendingReason=appBecameActive activeTask=true

---

timestamp=2026-04-11T07:37:46Z
source=cloudKit
kind=progress
operation=ownerQuery.targetZone.started recordType=Member zone=HouseholdZone-DD0F55A1-B479-4782-92B3-337CA06799A0|__defaultOwner__
ownerQuery.targetZone.started recordType=Member zone=HouseholdZone-DD0F55A1-B479-4782-92B3-337CA06799A0|__defaultOwner__

---

timestamp=2026-04-11T07:37:46Z
source=cloudKit
kind=progress
operation=ownerQuery.targetZone.completed recordType=Member count=2
ownerQuery.targetZone.completed recordType=Member count=2

---

timestamp=2026-04-11T07:37:47Z
source=cloudKit
kind=progress
operation=ownerQuery.targetZone.started recordType=Member zone=HouseholdZone-DD0F55A1-B479-4782-92B3-337CA06799A0|__defaultOwner__
ownerQuery.targetZone.started recordType=Member zone=HouseholdZone-DD0F55A1-B479-4782-92B3-337CA06799A0|__defaultOwner__

---

timestamp=2026-04-11T07:37:48Z
source=cloudKit
kind=progress
operation=ownerQuery.targetZone.completed recordType=Member count=2
ownerQuery.targetZone.completed recordType=Member count=2

---

timestamp=2026-04-11T07:37:48Z
source=cloudKit
kind=progress
operation=ownerQuery.targetZone.started recordType=Member zone=HouseholdZone-DD0F55A1-B479-4782-92B3-337CA06799A0|__defaultOwner__
ownerQuery.targetZone.started recordType=Member zone=HouseholdZone-DD0F55A1-B479-4782-92B3-337CA06799A0|__defaultOwner__

---

timestamp=2026-04-11T07:37:49Z
source=cloudKit
kind=progress
operation=ownerQuery.targetZone.completed recordType=Member count=2
ownerQuery.targetZone.completed recordType=Member count=2

---

timestamp=2026-04-11T07:37:49Z
source=cloudKit
kind=progress
operation=ownerQuery.targetZone.started recordType=Member zone=HouseholdZone-DD0F55A1-B479-4782-92B3-337CA06799A0|__defaultOwner__
ownerQuery.targetZone.started recordType=Member zone=HouseholdZone-DD0F55A1-B479-4782-92B3-337CA06799A0|__defaultOwner__

---

timestamp=2026-04-11T07:37:49Z
source=cloudKit
kind=progress
operation=ownerQuery.targetZone.completed recordType=Member count=2
ownerQuery.targetZone.completed recordType=Member count=2

---

timestamp=2026-04-11T07:37:49Z
source=cloudKit
kind=progress
operation=delta.zone.started scope=ownerPrivate zone=HouseholdZone-DD0F55A1-B479-4782-92B3-337CA06799A0|__defaultOwner__
delta.zone.started scope=ownerPrivate zone=HouseholdZone-DD0F55A1-B479-4782-92B3-337CA06799A0|__defaultOwner__

---

timestamp=2026-04-11T07:37:50Z
source=cloudKit
kind=progress
operation=delta.token.updated scope=ownerPrivate zone=HouseholdZone-DD0F55A1-B479-4782-92B3-337CA06799A0|__defaultOwner__
delta.token.updated scope=ownerPrivate zone=HouseholdZone-DD0F55A1-B479-4782-92B3-337CA06799A0|__defaultOwner__

---

timestamp=2026-04-11T07:37:50Z
source=cloudKit
kind=progress
operation=delta.recordTypes scope=ownerPrivate zone=HouseholdZone-DD0F55A1-B479-4782-92B3-337CA06799A0|__defaultOwner__ observed= ignored= unknown=
delta.recordTypes scope=ownerPrivate zone=HouseholdZone-DD0F55A1-B479-4782-92B3-337CA06799A0|__defaultOwner__ observed= ignored= unknown=

---

timestamp=2026-04-11T07:37:50Z
source=cloudKit
kind=progress
operation=delta.zone.completed scope=ownerPrivate zone=HouseholdZone-DD0F55A1-B479-4782-92B3-337CA06799A0|__defaultOwner__ changedRecords=0 deletedRecords=0
delta.zone.completed scope=ownerPrivate zone=HouseholdZone-DD0F55A1-B479-4782-92B3-337CA06799A0|__defaultOwner__ changedRecords=0 deletedRecords=0

---

timestamp=2026-04-11T07:37:50Z
source=cloudKit
kind=progress
operation=delta.impact scope=ownerPrivate householdId=DD0F55A1-B479-4782-92B3-337CA06799A0 domains= ignoredRecordTypes= unknownRecordTypes= fallbackRequired=false
delta.impact scope=ownerPrivate householdId=DD0F55A1-B479-4782-92B3-337CA06799A0 domains= ignoredRecordTypes= unknownRecordTypes= fallbackRequired=false

---

timestamp=2026-04-11T07:37:50Z
source=cloudKit
kind=progress
operation=delta.cacheApplied scope=ownerPrivate householdId=DD0F55A1-B479-4782-92B3-337CA06799A0 domains= shopping=14 bundles=0 workItems=0 categories=0
delta.cacheApplied scope=ownerPrivate householdId=DD0F55A1-B479-4782-92B3-337CA06799A0 domains= shopping=14 bundles=0 workItems=0 categories=0

---

timestamp=2026-04-11T07:37:50Z
source=cloudKit
kind=progress
operation=remoteSync stage=followUpPlan householdId=DD0F55A1-B479-4782-92B3-337CA06799A0 userId=_9f7a5eefe971a61cf175e9acbd0f6fe5 notificationType=read declaredScope=nil effectiveScope=nil direction=unknown retryDelays= followUpPassIndex=nil didCaptureAdditionalChanges=nil note=nil
remoteSync stage=followUpPlan householdId=DD0F55A1-B479-4782-92B3-337CA06799A0 userId=_9f7a5eefe971a61cf175e9acbd0f6fe5 notificationType=read declaredScope=nil effectiveScope=nil direction=unknown retryDelays= followUpPassIndex=nil didCaptureAdditionalChanges=nil note=nil

---

timestamp=2026-04-11T07:37:50Z
source=cloudKit
kind=progress
operation=remoteSync stage=followUpSkipped householdId=DD0F55A1-B479-4782-92B3-337CA06799A0 userId=_9f7a5eefe971a61cf175e9acbd0f6fe5 notificationType=read declaredScope=nil effectiveScope=nil direction=unknown retryDelays= followUpPassIndex=nil didCaptureAdditionalChanges=nil note=emptyRetryDelaySet
remoteSync stage=followUpSkipped householdId=DD0F55A1-B479-4782-92B3-337CA06799A0 userId=_9f7a5eefe971a61cf175e9acbd0f6fe5 notificationType=read declaredScope=nil effectiveScope=nil direction=unknown retryDelays= followUpPassIndex=nil didCaptureAdditionalChanges=nil note=emptyRetryDelaySet

---

timestamp=2026-04-11T07:37:50Z
source=cloudKit
kind=progress
operation=sync.batch.published reason=foregroundRepairWindow triggerSource=foregroundRepair direction=unknown changedDomains= eventCount=0
sync.batch.published reason=foregroundRepairWindow triggerSource=foregroundRepair direction=unknown changedDomains= eventCount=0

---

timestamp=2026-04-11T07:37:50Z
source=cloudKit
kind=progress
operation=notification.sharedActivity.batchSkipped classification=steadyStateLifecycle eventCount=0 reason=nonRemoteBatch
notification.sharedActivity.batchSkipped classification=steadyStateLifecycle eventCount=0 reason=nonRemoteBatch

---

timestamp=2026-04-11T07:37:50Z
source=cloudKit
kind=progress
operation=sync.scheduler.ownerFallbackDecision eligible=true role=owner scope=ownerPrivate direction=unknown reason=foregroundRepairWindow activeMembers=2 appState=active
sync.scheduler.ownerFallbackDecision eligible=true role=owner scope=ownerPrivate direction=unknown reason=foregroundRepairWindow activeMembers=2 appState=active

---

timestamp=2026-04-11T07:37:50Z
source=cloudKit
kind=progress
operation=sync.scheduler.scheduled kind=ownerFallback intervalNs=15000000000 remainingPasses=30
sync.scheduler.scheduled kind=ownerFallback intervalNs=15000000000 remainingPasses=30

---

timestamp=2026-04-11T07:37:50Z
source=cloudKit
kind=progress
operation=sync.scheduler.scheduled kind=foregroundRepair mode=steady intervalNs=30000000000 remainingBurstPasses=0 remainingSteadyPasses=18
sync.scheduler.scheduled kind=foregroundRepair mode=steady intervalNs=30000000000 remainingBurstPasses=0 remainingSteadyPasses=18

---

timestamp=2026-04-11T07:37:50Z
source=cloudKit
kind=progress
operation=sync.pass.completed reason=foregroundRepairWindow triggerSource=foregroundRepair fetchResult=noData direction=unknown eventCount=0
sync.pass.completed reason=foregroundRepairWindow triggerSource=foregroundRepair fetchResult=noData direction=unknown eventCount=0

---

timestamp=2026-04-11T07:37:50Z
source=cloudKit
kind=progress
operation=sync.pass.started reason=appBecameActive triggerSource=foregroundRepair
sync.pass.started reason=appBecameActive triggerSource=foregroundRepair

---

timestamp=2026-04-11T07:37:50Z
source=cloudKit
kind=progress
operation=sync.engine.context reason=appBecameActive databaseScope=nil notificationType=3
sync.engine.context reason=appBecameActive databaseScope=nil notificationType=3

---

timestamp=2026-04-11T07:37:52Z
source=cloudKit
kind=progress
operation=ownerQuery.targetZone.started recordType=Member zone=HouseholdZone-DD0F55A1-B479-4782-92B3-337CA06799A0|__defaultOwner__
ownerQuery.targetZone.started recordType=Member zone=HouseholdZone-DD0F55A1-B479-4782-92B3-337CA06799A0|__defaultOwner__

---

timestamp=2026-04-11T07:37:53Z
source=cloudKit
kind=progress
operation=ownerQuery.targetZone.completed recordType=Member count=2
ownerQuery.targetZone.completed recordType=Member count=2

---

timestamp=2026-04-11T07:37:53Z
source=cloudKit
kind=progress
operation=ownerQuery.targetZone.started recordType=Member zone=HouseholdZone-DD0F55A1-B479-4782-92B3-337CA06799A0|__defaultOwner__
ownerQuery.targetZone.started recordType=Member zone=HouseholdZone-DD0F55A1-B479-4782-92B3-337CA06799A0|__defaultOwner__

---

timestamp=2026-04-11T07:37:53Z
source=cloudKit
kind=progress
operation=ownerQuery.targetZone.completed recordType=Member count=2
ownerQuery.targetZone.completed recordType=Member count=2

---

timestamp=2026-04-11T07:37:53Z
source=cloudKit
kind=progress
operation=ownerQuery.targetZone.started recordType=Member zone=HouseholdZone-DD0F55A1-B479-4782-92B3-337CA06799A0|__defaultOwner__
ownerQuery.targetZone.started recordType=Member zone=HouseholdZone-DD0F55A1-B479-4782-92B3-337CA06799A0|__defaultOwner__

---

timestamp=2026-04-11T07:37:54Z
source=cloudKit
kind=progress
operation=ownerQuery.targetZone.completed recordType=Member count=2
ownerQuery.targetZone.completed recordType=Member count=2

---

timestamp=2026-04-11T07:37:54Z
source=cloudKit
kind=progress
operation=snapshot.load.started scope=ownerPrivate householdId=DD0F55A1-B479-4782-92B3-337CA06799A0
snapshot.load.started scope=ownerPrivate householdId=DD0F55A1-B479-4782-92B3-337CA06799A0

---

timestamp=2026-04-11T07:37:54Z
source=cloudKit
kind=progress
operation=snapshot.fetch.started domain=members scope=ownerPrivate householdId=DD0F55A1-B479-4782-92B3-337CA06799A0
snapshot.fetch.started domain=members scope=ownerPrivate householdId=DD0F55A1-B479-4782-92B3-337CA06799A0

---

timestamp=2026-04-11T07:37:54Z
source=cloudKit
kind=progress
operation=ownerQuery.targetZone.started recordType=Member zone=HouseholdZone-DD0F55A1-B479-4782-92B3-337CA06799A0|__defaultOwner__
ownerQuery.targetZone.started recordType=Member zone=HouseholdZone-DD0F55A1-B479-4782-92B3-337CA06799A0|__defaultOwner__

---

timestamp=2026-04-11T07:37:55Z
source=cloudKit
kind=progress
operation=ownerQuery.targetZone.completed recordType=Member count=2
ownerQuery.targetZone.completed recordType=Member count=2

---

timestamp=2026-04-11T07:37:55Z
source=cloudKit
kind=progress
operation=snapshot.fetch.completed domain=members scope=ownerPrivate householdId=DD0F55A1-B479-4782-92B3-337CA06799A0 count=2
snapshot.fetch.completed domain=members scope=ownerPrivate householdId=DD0F55A1-B479-4782-92B3-337CA06799A0 count=2

---

timestamp=2026-04-11T07:37:55Z
source=cloudKit
kind=progress
operation=snapshot.fetch.started domain=shoppingItems scope=ownerPrivate householdId=DD0F55A1-B479-4782-92B3-337CA06799A0
snapshot.fetch.started domain=shoppingItems scope=ownerPrivate householdId=DD0F55A1-B479-4782-92B3-337CA06799A0

---

timestamp=2026-04-11T07:37:55Z
source=cloudKit
kind=progress
operation=ownerQuery.targetZone.started recordType=ShoppingItem zone=HouseholdZone-DD0F55A1-B479-4782-92B3-337CA06799A0|__defaultOwner__
ownerQuery.targetZone.started recordType=ShoppingItem zone=HouseholdZone-DD0F55A1-B479-4782-92B3-337CA06799A0|__defaultOwner__

---

timestamp=2026-04-11T07:37:56Z
source=cloudKit
kind=progress
operation=ownerQuery.targetZone.completed recordType=ShoppingItem count=14
ownerQuery.targetZone.completed recordType=ShoppingItem count=14

---

timestamp=2026-04-11T07:37:56Z
source=cloudKit
kind=progress
operation=snapshot.fetch.completed domain=shoppingItems scope=ownerPrivate householdId=DD0F55A1-B479-4782-92B3-337CA06799A0 count=14
snapshot.fetch.completed domain=shoppingItems scope=ownerPrivate householdId=DD0F55A1-B479-4782-92B3-337CA06799A0 count=14

---

timestamp=2026-04-11T07:37:56Z
source=cloudKit
kind=progress
operation=snapshot.fetch.started domain=shoppingBundles scope=ownerPrivate householdId=DD0F55A1-B479-4782-92B3-337CA06799A0
snapshot.fetch.started domain=shoppingBundles scope=ownerPrivate householdId=DD0F55A1-B479-4782-92B3-337CA06799A0

---

timestamp=2026-04-11T07:37:56Z
source=cloudKit
kind=progress
operation=ownerQuery.targetZone.started recordType=ShoppingBundle zone=HouseholdZone-DD0F55A1-B479-4782-92B3-337CA06799A0|__defaultOwner__
ownerQuery.targetZone.started recordType=ShoppingBundle zone=HouseholdZone-DD0F55A1-B479-4782-92B3-337CA06799A0|__defaultOwner__

---

timestamp=2026-04-11T07:37:56Z
source=cloudKit
kind=progress
operation=ownerQuery.targetZone.completed recordType=ShoppingBundle count=0
ownerQuery.targetZone.completed recordType=ShoppingBundle count=0

---

timestamp=2026-04-11T07:37:56Z
source=cloudKit
kind=progress
operation=snapshot.fetch.completed domain=shoppingBundles scope=ownerPrivate householdId=DD0F55A1-B479-4782-92B3-337CA06799A0 count=0
snapshot.fetch.completed domain=shoppingBundles scope=ownerPrivate householdId=DD0F55A1-B479-4782-92B3-337CA06799A0 count=0

---

timestamp=2026-04-11T07:37:56Z
source=cloudKit
kind=progress
operation=snapshot.fetch.started domain=backlogCategories scope=ownerPrivate householdId=DD0F55A1-B479-4782-92B3-337CA06799A0
snapshot.fetch.started domain=backlogCategories scope=ownerPrivate householdId=DD0F55A1-B479-4782-92B3-337CA06799A0

---

timestamp=2026-04-11T07:37:56Z
source=cloudKit
kind=progress
operation=ownerQuery.targetZone.started recordType=BacklogCategory zone=HouseholdZone-DD0F55A1-B479-4782-92B3-337CA06799A0|__defaultOwner__
ownerQuery.targetZone.started recordType=BacklogCategory zone=HouseholdZone-DD0F55A1-B479-4782-92B3-337CA06799A0|__defaultOwner__

---

timestamp=2026-04-11T07:37:57Z
source=cloudKit
kind=progress
operation=ownerQuery.targetZone.completed recordType=BacklogCategory count=0
ownerQuery.targetZone.completed recordType=BacklogCategory count=0

---

timestamp=2026-04-11T07:37:57Z
source=cloudKit
kind=progress
operation=snapshot.fetch.completed domain=backlogCategories scope=ownerPrivate householdId=DD0F55A1-B479-4782-92B3-337CA06799A0 count=0
snapshot.fetch.completed domain=backlogCategories scope=ownerPrivate householdId=DD0F55A1-B479-4782-92B3-337CA06799A0 count=0

---

timestamp=2026-04-11T07:37:57Z
source=cloudKit
kind=progress
operation=snapshot.fetch.started domain=backlogItems scope=ownerPrivate householdId=DD0F55A1-B479-4782-92B3-337CA06799A0
snapshot.fetch.started domain=backlogItems scope=ownerPrivate householdId=DD0F55A1-B479-4782-92B3-337CA06799A0

---

timestamp=2026-04-11T07:37:57Z
source=cloudKit
kind=progress
operation=ownerQuery.targetZone.started recordType=BacklogItem zone=HouseholdZone-DD0F55A1-B479-4782-92B3-337CA06799A0|__defaultOwner__
ownerQuery.targetZone.started recordType=BacklogItem zone=HouseholdZone-DD0F55A1-B479-4782-92B3-337CA06799A0|__defaultOwner__

---

timestamp=2026-04-11T07:37:57Z
source=cloudKit
kind=progress
operation=ownerQuery.targetZone.completed recordType=BacklogItem count=0
ownerQuery.targetZone.completed recordType=BacklogItem count=0

---

timestamp=2026-04-11T07:37:58Z
source=cloudKit
kind=progress
operation=snapshot.fetch.completed domain=backlogItems scope=ownerPrivate householdId=DD0F55A1-B479-4782-92B3-337CA06799A0 count=0
snapshot.fetch.completed domain=backlogItems scope=ownerPrivate householdId=DD0F55A1-B479-4782-92B3-337CA06799A0 count=0

---

timestamp=2026-04-11T07:37:58Z
source=cloudKit
kind=progress
operation=snapshot.fetch.started domain=tasks scope=ownerPrivate householdId=DD0F55A1-B479-4782-92B3-337CA06799A0
snapshot.fetch.started domain=tasks scope=ownerPrivate householdId=DD0F55A1-B479-4782-92B3-337CA06799A0

---

timestamp=2026-04-11T07:37:58Z
source=cloudKit
kind=progress
operation=ownerQuery.targetZone.started recordType=Task zone=HouseholdZone-DD0F55A1-B479-4782-92B3-337CA06799A0|__defaultOwner__
ownerQuery.targetZone.started recordType=Task zone=HouseholdZone-DD0F55A1-B479-4782-92B3-337CA06799A0|__defaultOwner__

---

timestamp=2026-04-11T07:37:58Z
source=cloudKit
kind=progress
operation=ownerQuery.targetZone.completed recordType=Task count=0
ownerQuery.targetZone.completed recordType=Task count=0

---

timestamp=2026-04-11T07:37:58Z
source=cloudKit
kind=progress
operation=snapshot.fetch.completed domain=tasks scope=ownerPrivate householdId=DD0F55A1-B479-4782-92B3-337CA06799A0 count=0
snapshot.fetch.completed domain=tasks scope=ownerPrivate householdId=DD0F55A1-B479-4782-92B3-337CA06799A0 count=0

---

timestamp=2026-04-11T07:37:58Z
source=cloudKit
kind=progress
operation=snapshot.fetch.started domain=workItems scope=ownerPrivate householdId=DD0F55A1-B479-4782-92B3-337CA06799A0
snapshot.fetch.started domain=workItems scope=ownerPrivate householdId=DD0F55A1-B479-4782-92B3-337CA06799A0

---

timestamp=2026-04-11T07:37:58Z
source=cloudKit
kind=progress
operation=ownerQuery.targetZone.started recordType=WorkItem zone=HouseholdZone-DD0F55A1-B479-4782-92B3-337CA06799A0|__defaultOwner__
ownerQuery.targetZone.started recordType=WorkItem zone=HouseholdZone-DD0F55A1-B479-4782-92B3-337CA06799A0|__defaultOwner__

---

timestamp=2026-04-11T07:37:59Z
source=cloudKit
kind=progress
operation=ownerQuery.targetZone.completed recordType=WorkItem count=0
ownerQuery.targetZone.completed recordType=WorkItem count=0

---

timestamp=2026-04-11T07:37:59Z
source=cloudKit
kind=progress
operation=snapshot.fetch.completed domain=workItems scope=ownerPrivate householdId=DD0F55A1-B479-4782-92B3-337CA06799A0 count=0
snapshot.fetch.completed domain=workItems scope=ownerPrivate householdId=DD0F55A1-B479-4782-92B3-337CA06799A0 count=0

---

timestamp=2026-04-11T07:37:59Z
source=cloudKit
kind=progress
operation=snapshot.load.completed scope=ownerPrivate householdId=DD0F55A1-B479-4782-92B3-337CA06799A0 members=2 shopping=14 bundles=0 workItems=0 categories=0 backlogItems=0
snapshot.load.completed scope=ownerPrivate householdId=DD0F55A1-B479-4782-92B3-337CA06799A0 members=2 shopping=14 bundles=0 workItems=0 categories=0 backlogItems=0

---

timestamp=2026-04-11T07:37:59Z
source=cloudKit
kind=progress
operation=snapshot.cacheApplied householdId=DD0F55A1-B479-4782-92B3-337CA06799A0 members=2 shopping=14 bundles=0 workItems=0 categories=0 backlogItems=0
snapshot.cacheApplied householdId=DD0F55A1-B479-4782-92B3-337CA06799A0 members=2 shopping=14 bundles=0 workItems=0 categories=0 backlogItems=0

---

timestamp=2026-04-11T07:37:59Z
source=cloudKit
kind=progress
operation=remoteSync stage=followUpPlan householdId=DD0F55A1-B479-4782-92B3-337CA06799A0 userId=_9f7a5eefe971a61cf175e9acbd0f6fe5 notificationType=read declaredScope=nil effectiveScope=nil direction=unknown retryDelays= followUpPassIndex=nil didCaptureAdditionalChanges=nil note=nil
remoteSync stage=followUpPlan householdId=DD0F55A1-B479-4782-92B3-337CA06799A0 userId=_9f7a5eefe971a61cf175e9acbd0f6fe5 notificationType=read declaredScope=nil effectiveScope=nil direction=unknown retryDelays= followUpPassIndex=nil didCaptureAdditionalChanges=nil note=nil

---

timestamp=2026-04-11T07:37:59Z
source=cloudKit
kind=progress
operation=remoteSync stage=followUpSkipped householdId=DD0F55A1-B479-4782-92B3-337CA06799A0 userId=_9f7a5eefe971a61cf175e9acbd0f6fe5 notificationType=read declaredScope=nil effectiveScope=nil direction=unknown retryDelays= followUpPassIndex=nil didCaptureAdditionalChanges=nil note=emptyRetryDelaySet
remoteSync stage=followUpSkipped householdId=DD0F55A1-B479-4782-92B3-337CA06799A0 userId=_9f7a5eefe971a61cf175e9acbd0f6fe5 notificationType=read declaredScope=nil effectiveScope=nil direction=unknown retryDelays= followUpPassIndex=nil didCaptureAdditionalChanges=nil note=emptyRetryDelaySet

---

timestamp=2026-04-11T07:37:59Z
source=cloudKit
kind=progress
operation=sync.batch.published reason=appBecameActive triggerSource=foregroundRepair direction=unknown changedDomains= eventCount=0
sync.batch.published reason=appBecameActive triggerSource=foregroundRepair direction=unknown changedDomains= eventCount=0

---

timestamp=2026-04-11T07:37:59Z
source=cloudKit
kind=progress
operation=notification.sharedActivity.batchSkipped classification=steadyStateLifecycle eventCount=0 reason=nonRemoteBatch
notification.sharedActivity.batchSkipped classification=steadyStateLifecycle eventCount=0 reason=nonRemoteBatch

---

timestamp=2026-04-11T07:37:59Z
source=cloudKit
kind=progress
operation=sync.scheduler.ownerFallbackDecision eligible=true role=owner scope=ownerPrivate direction=unknown reason=appBecameActive activeMembers=2 appState=active
sync.scheduler.ownerFallbackDecision eligible=true role=owner scope=ownerPrivate direction=unknown reason=appBecameActive activeMembers=2 appState=active

---

timestamp=2026-04-11T07:37:59Z
source=cloudKit
kind=progress
operation=sync.scheduler.started reason=appBecameActive ownerFallback=true intervalNs=15000000000 maxPasses=40
sync.scheduler.started reason=appBecameActive ownerFallback=true intervalNs=15000000000 maxPasses=40

---

timestamp=2026-04-11T07:37:59Z
source=cloudKit
kind=progress
operation=sync.scheduler.scheduled kind=ownerFallback intervalNs=15000000000 remainingPasses=40
sync.scheduler.scheduled kind=ownerFallback intervalNs=15000000000 remainingPasses=40

---

timestamp=2026-04-11T07:37:59Z
source=cloudKit
kind=progress
operation=sync.scheduler.started reason=appBecameActive burstPasses=8 steadyPasses=20
sync.scheduler.started reason=appBecameActive burstPasses=8 steadyPasses=20

---

timestamp=2026-04-11T07:37:59Z
source=cloudKit
kind=progress
operation=sync.scheduler.scheduled kind=foregroundRepair mode=burst intervalNs=4000000000 remainingBurstPasses=8 remainingSteadyPasses=20
sync.scheduler.scheduled kind=foregroundRepair mode=burst intervalNs=4000000000 remainingBurstPasses=8 remainingSteadyPasses=20

---

timestamp=2026-04-11T07:37:59Z
source=cloudKit
kind=progress
operation=sync.pass.completed reason=appBecameActive triggerSource=foregroundRepair fetchResult=noData direction=unknown eventCount=0
sync.pass.completed reason=appBecameActive triggerSource=foregroundRepair fetchResult=noData direction=unknown eventCount=0

---

timestamp=2026-04-11T07:38:03Z
source=cloudKit
kind=progress
operation=sync.scheduler.fired kind=foregroundRepair mode=burst remainingBurstPasses=8 remainingSteadyPasses=20
sync.scheduler.fired kind=foregroundRepair mode=burst remainingBurstPasses=8 remainingSteadyPasses=20

---

timestamp=2026-04-11T07:38:03Z
source=cloudKit
kind=progress
operation=sync.pass.enqueued requestedReason=foregroundRepairWindow effectivePendingReason=foregroundRepairWindow activeTask=false
sync.pass.enqueued requestedReason=foregroundRepairWindow effectivePendingReason=foregroundRepairWindow activeTask=false

---

timestamp=2026-04-11T07:38:03Z
source=cloudKit
kind=progress
operation=sync.pass.started reason=foregroundRepairWindow triggerSource=foregroundRepair
sync.pass.started reason=foregroundRepairWindow triggerSource=foregroundRepair

---

timestamp=2026-04-11T07:38:03Z
source=cloudKit
kind=progress
operation=sync.engine.context reason=foregroundRepairWindow databaseScope=nil notificationType=3
sync.engine.context reason=foregroundRepairWindow databaseScope=nil notificationType=3

---

timestamp=2026-04-11T07:38:05Z
source=cloudKit
kind=progress
operation=ownerQuery.targetZone.started recordType=Member zone=HouseholdZone-DD0F55A1-B479-4782-92B3-337CA06799A0|__defaultOwner__
ownerQuery.targetZone.started recordType=Member zone=HouseholdZone-DD0F55A1-B479-4782-92B3-337CA06799A0|__defaultOwner__

---

timestamp=2026-04-11T07:38:05Z
source=cloudKit
kind=progress
operation=ownerQuery.targetZone.completed recordType=Member count=2
ownerQuery.targetZone.completed recordType=Member count=2

---

timestamp=2026-04-11T07:38:06Z
source=cloudKit
kind=progress
operation=ownerQuery.targetZone.started recordType=Member zone=HouseholdZone-DD0F55A1-B479-4782-92B3-337CA06799A0|__defaultOwner__
ownerQuery.targetZone.started recordType=Member zone=HouseholdZone-DD0F55A1-B479-4782-92B3-337CA06799A0|__defaultOwner__

---

timestamp=2026-04-11T07:38:06Z
source=cloudKit
kind=progress
operation=ownerQuery.targetZone.completed recordType=Member count=2
ownerQuery.targetZone.completed recordType=Member count=2

---

timestamp=2026-04-11T07:38:06Z
source=cloudKit
kind=progress
operation=ownerQuery.targetZone.started recordType=Member zone=HouseholdZone-DD0F55A1-B479-4782-92B3-337CA06799A0|__defaultOwner__
ownerQuery.targetZone.started recordType=Member zone=HouseholdZone-DD0F55A1-B479-4782-92B3-337CA06799A0|__defaultOwner__

---

timestamp=2026-04-11T07:38:07Z
source=cloudKit
kind=progress
operation=ownerQuery.targetZone.completed recordType=Member count=2
ownerQuery.targetZone.completed recordType=Member count=2

---

timestamp=2026-04-11T07:38:07Z
source=cloudKit
kind=progress
operation=delta.zone.started scope=ownerPrivate zone=HouseholdZone-DD0F55A1-B479-4782-92B3-337CA06799A0|__defaultOwner__
delta.zone.started scope=ownerPrivate zone=HouseholdZone-DD0F55A1-B479-4782-92B3-337CA06799A0|__defaultOwner__

---

timestamp=2026-04-11T07:38:07Z
source=cloudKit
kind=progress
operation=delta.token.updated scope=ownerPrivate zone=HouseholdZone-DD0F55A1-B479-4782-92B3-337CA06799A0|__defaultOwner__
delta.token.updated scope=ownerPrivate zone=HouseholdZone-DD0F55A1-B479-4782-92B3-337CA06799A0|__defaultOwner__

---

timestamp=2026-04-11T07:38:07Z
source=cloudKit
kind=progress
operation=delta.recordTypes scope=ownerPrivate zone=HouseholdZone-DD0F55A1-B479-4782-92B3-337CA06799A0|__defaultOwner__ observed= ignored= unknown=
delta.recordTypes scope=ownerPrivate zone=HouseholdZone-DD0F55A1-B479-4782-92B3-337CA06799A0|__defaultOwner__ observed= ignored= unknown=

---

timestamp=2026-04-11T07:38:07Z
source=cloudKit
kind=progress
operation=delta.zone.completed scope=ownerPrivate zone=HouseholdZone-DD0F55A1-B479-4782-92B3-337CA06799A0|__defaultOwner__ changedRecords=0 deletedRecords=0
delta.zone.completed scope=ownerPrivate zone=HouseholdZone-DD0F55A1-B479-4782-92B3-337CA06799A0|__defaultOwner__ changedRecords=0 deletedRecords=0

---

timestamp=2026-04-11T07:38:07Z
source=cloudKit
kind=progress
operation=delta.impact scope=ownerPrivate householdId=DD0F55A1-B479-4782-92B3-337CA06799A0 domains= ignoredRecordTypes= unknownRecordTypes= fallbackRequired=false
delta.impact scope=ownerPrivate householdId=DD0F55A1-B479-4782-92B3-337CA06799A0 domains= ignoredRecordTypes= unknownRecordTypes= fallbackRequired=false

---

timestamp=2026-04-11T07:38:07Z
source=cloudKit
kind=progress
operation=delta.cacheApplied scope=ownerPrivate householdId=DD0F55A1-B479-4782-92B3-337CA06799A0 domains= shopping=14 bundles=0 workItems=0 categories=0
delta.cacheApplied scope=ownerPrivate householdId=DD0F55A1-B479-4782-92B3-337CA06799A0 domains= shopping=14 bundles=0 workItems=0 categories=0

---

timestamp=2026-04-11T07:38:07Z
source=cloudKit
kind=progress
operation=remoteSync stage=followUpPlan householdId=DD0F55A1-B479-4782-92B3-337CA06799A0 userId=_9f7a5eefe971a61cf175e9acbd0f6fe5 notificationType=read declaredScope=nil effectiveScope=nil direction=unknown retryDelays= followUpPassIndex=nil didCaptureAdditionalChanges=nil note=nil
remoteSync stage=followUpPlan householdId=DD0F55A1-B479-4782-92B3-337CA06799A0 userId=_9f7a5eefe971a61cf175e9acbd0f6fe5 notificationType=read declaredScope=nil effectiveScope=nil direction=unknown retryDelays= followUpPassIndex=nil didCaptureAdditionalChanges=nil note=nil

---

timestamp=2026-04-11T07:38:07Z
source=cloudKit
kind=progress
operation=remoteSync stage=followUpSkipped householdId=DD0F55A1-B479-4782-92B3-337CA06799A0 userId=_9f7a5eefe971a61cf175e9acbd0f6fe5 notificationType=read declaredScope=nil effectiveScope=nil direction=unknown retryDelays= followUpPassIndex=nil didCaptureAdditionalChanges=nil note=emptyRetryDelaySet
remoteSync stage=followUpSkipped householdId=DD0F55A1-B479-4782-92B3-337CA06799A0 userId=_9f7a5eefe971a61cf175e9acbd0f6fe5 notificationType=read declaredScope=nil effectiveScope=nil direction=unknown retryDelays= followUpPassIndex=nil didCaptureAdditionalChanges=nil note=emptyRetryDelaySet

---

timestamp=2026-04-11T07:38:07Z
source=cloudKit
kind=progress
operation=sync.batch.published reason=foregroundRepairWindow triggerSource=foregroundRepair direction=unknown changedDomains= eventCount=0
sync.batch.published reason=foregroundRepairWindow triggerSource=foregroundRepair direction=unknown changedDomains= eventCount=0

---

timestamp=2026-04-11T07:38:07Z
source=cloudKit
kind=progress
operation=notification.sharedActivity.batchSkipped classification=steadyStateLifecycle eventCount=0 reason=nonRemoteBatch
notification.sharedActivity.batchSkipped classification=steadyStateLifecycle eventCount=0 reason=nonRemoteBatch

---

timestamp=2026-04-11T07:38:07Z
source=cloudKit
kind=progress
operation=sync.scheduler.ownerFallbackDecision eligible=true role=owner scope=ownerPrivate direction=unknown reason=foregroundRepairWindow activeMembers=2 appState=active
sync.scheduler.ownerFallbackDecision eligible=true role=owner scope=ownerPrivate direction=unknown reason=foregroundRepairWindow activeMembers=2 appState=active

---

timestamp=2026-04-11T07:38:07Z
source=cloudKit
kind=progress
operation=sync.scheduler.scheduled kind=ownerFallback intervalNs=15000000000 remainingPasses=39
sync.scheduler.scheduled kind=ownerFallback intervalNs=15000000000 remainingPasses=39

---

timestamp=2026-04-11T07:38:07Z
source=cloudKit
kind=progress
operation=sync.scheduler.scheduled kind=foregroundRepair mode=burst intervalNs=4000000000 remainingBurstPasses=7 remainingSteadyPasses=20
sync.scheduler.scheduled kind=foregroundRepair mode=burst intervalNs=4000000000 remainingBurstPasses=7 remainingSteadyPasses=20

---

timestamp=2026-04-11T07:38:07Z
source=cloudKit
kind=progress
operation=sync.pass.completed reason=foregroundRepairWindow triggerSource=foregroundRepair fetchResult=noData direction=unknown eventCount=0
sync.pass.completed reason=foregroundRepairWindow triggerSource=foregroundRepair fetchResult=noData direction=unknown eventCount=0
